0 verbose cli /opt/homebrew/Cellar/node/25.9.0_2/bin/node /opt/homebrew/lib/node_modules/npm/bin/npm-cli.js
1 info using npm@11.12.1
2 info using node@v25.9.0
3 silly config load:file:/opt/homebrew/lib/node_modules/npm/npmrc
4 silly config load:file:/Users/yansonferdinandkurniadi/myproject/dashboard-template-by-yanson-fk/.npmrc
5 silly config load:file:/Users/yansonferdinandkurniadi/.npmrc
6 verbose config error loading user config Error: EPERM: operation not permitted, open '/Users/yansonferdinandkurniadi/.npmrc'
6 verbose config     at async open (node:internal/fs/promises:1281:25)
6 verbose config     at async readFile (node:internal/fs/promises:1929:14)
6 verbose config     at async #loadFile (/opt/homebrew/lib/node_modules/npm/node_modules/@npmcli/config/lib/index.js:646:5)
6 verbose config     at async Config.load (/opt/homebrew/lib/node_modules/npm/node_modules/@npmcli/config/lib/index.js:260:5)
6 verbose config     at async #load (/opt/homebrew/lib/node_modules/npm/lib/npm.js:95:5)
6 verbose config     at async Npm.load (/opt/homebrew/lib/node_modules/npm/lib/npm.js:77:14)
6 verbose config     at async module.exports (/opt/homebrew/lib/node_modules/npm/lib/cli/entry.js:36:37) {
6 verbose config   errno: -1,
6 verbose config   code: 'EPERM',
6 verbose config   syscall: 'open',
6 verbose config   path: '/Users/yansonferdinandkurniadi/.npmrc'
6 verbose config }
7 silly config load:file:/opt/homebrew/etc/npmrc
8 verbose title npm exec npm-check-updates -u
9 verbose argv "exec" "--yes" "--" "npm-check-updates" "-u"
10 verbose logfile logs-max:10 dir:/Users/yansonferdinandkurniadi/myproject/dashboard-template-by-yanson-fk/.npm-cache/_logs/2026-05-08T03_57_12_747Z-
11 verbose logfile /Users/yansonferdinandkurniadi/myproject/dashboard-template-by-yanson-fk/.npm-cache/_logs/2026-05-08T03_57_12_747Z-debug-0.log
12 silly logfile done cleaning log files
13 http fetch GET https://registry.npmjs.org/npm attempt 1 failed with ENOTFOUND
14 silly packumentCache heap:4496293888 maxSize:1124073472 maxEntrySize:562036736
15 verbose shrinkwrap failed to load node_modules/.package-lock.json out of date, updated: node_modules
16 http fetch GET https://registry.npmjs.org/npm-check-updates attempt 1 failed with ENOTFOUND
17 http fetch GET https://registry.npmjs.org/npm attempt 2 failed with ENOTFOUND
18 http fetch GET https://registry.npmjs.org/npm-check-updates attempt 2 failed with ENOTFOUND
19 http fetch GET https://registry.npmjs.org/npm attempt 3 failed with ENOTFOUND
20 http fetch GET https://registry.npmjs.org/npm-check-updates attempt 3 failed with ENOTFOUND
21 verbose type system
22 verbose stack FetchError: request to https://registry.npmjs.org/npm-check-updates failed, reason: getaddrinfo ENOTFOUND registry.npmjs.org
22 verbose stack     at ClientRequest.<anonymous> (/opt/homebrew/lib/node_modules/npm/node_modules/minipass-fetch/lib/index.js:130:14)
22 verbose stack     at ClientRequest.emit (node:events:509:20)
22 verbose stack     at emitErrorEvent (node:_http_client:109:11)
22 verbose stack     at _destroy (node:_http_client:993:9)
22 verbose stack     at onSocketNT (node:_http_client:1013:5)
22 verbose stack     at process.processTicksAndRejections (node:internal/process/task_queues:91:21)
23 error code ENOTFOUND
24 error syscall getaddrinfo
25 error errno ENOTFOUND
26 error network request to https://registry.npmjs.org/npm-check-updates failed, reason: getaddrinfo ENOTFOUND registry.npmjs.org
27 error network This is a problem related to network connectivity.
27 error network In most cases you are behind a proxy or have bad network settings.
27 error network
27 error network If you are behind a proxy, please make sure that the 'proxy' config is set properly.  See: 'npm help config'
28 verbose cwd /Users/yansonferdinandkurniadi/myproject/dashboard-template-by-yanson-fk
29 verbose os Darwin 25.4.0
30 verbose node v25.9.0
31 verbose npm  v11.12.1
32 verbose exit 1
33 verbose code 1
34 error A complete log of this run can be found in: /Users/yansonferdinandkurniadi/myproject/dashboard-template-by-yanson-fk/.npm-cache/_logs/2026-05-08T03_57_12_747Z-debug-0.log
